---
source: tests/tui_dashboard.rs
assertion_line: 873
expression: "dump_lines(110, 18, |f| screen.render(f, f.area()))"
---
Refreshed just now - 2 worktrees, 0 dirty, 1 PR open

Search: type to filter...

Worktree            Branch              Status           Ahead/Behind  Last Commit
   repo             main                Mother           =0            deadbee work on main
 ➤ repo-bug         bug                 Opened           +1 -0         deadbee work on bug

Narrow view: 1 hidden  •  PR #42 Open: Improve dashboard footer details for live workflows
                              ┌────────┐  ┌────────┐  ┌──────┐  ┌───────┐  ┌───────┐
Delete worktrees with status: │ Merged │  │ Closed │  │ Open │  │ Clean │  │ Dirty │
                              └────────┘  └────────┘  └──────┘  └───────┘  └───────┘
↑↓ Navigate  ↵ Actions  ⌫ Delete (empty search)  Tab Bulk Delete  Type to Search  Ctrl+R Refresh  Esc Clear /
Status: Mother = main worktree (protected)  Dirty = has uncommitted changes  Clean = no uncommitted changes  O
PR Checks: ⚪  (Pending)  🟡  (Running)  ⚠️  (Errored)  🔴  (Failed)  🟢  (Passed)
PR Reviews: ✋  (Pending)  👎  (Changes Requested)  👍  (Approved)
PR Merges: 📝  (Draft)  ❌  (Dirty)  🚫  (Blocked)  ❓  (Unknown)  🔄  (Behind)  ⏳  (Has Hooks)  🏚️  (Unstable)  ✅
Ahead/Behind: +N lines added  -N lines removed vs upstream/main (falls back to upstream/master, origin/main, o
