---
source: tests/tui_dashboard.rs
assertion_line: 467
expression: "dump_lines(72, 16, |f| screen.render(f, f.area()))"
---
Refreshed just now - 3 worktrees, 1 dirty, 1 PR open

Search: type to filter...

Worktree             Branch        Status   A/B         Commit
/tmp/repo            main          Clean    =0          deadbee work o..
/tmp/repo-bug        bug           Opened   +1 -0       deadbee work o..
/tmp/repo-feat       feat          Clean    =0          deadbee work o..




Narrow view: 1 hidden  •  PR #42 Open: Improve dashboard...
↑↓ Navigate  ↵ Actions  Type to Search  Ctrl+R Refresh  Esc Clear / Back
Status: Clean = no uncommitted changes  Dirty = has uncommitted changes
Ahead/Behind: +N lines added  -N lines removed vs upstream/main (falls b
