---
source: tests/tui_dashboard.rs
expression: "dump_lines(72, 17, |f| screen.render(f, f.area()))"
---
Refreshed just now - 3 worktrees, 0 dirty, 1 PR open

Search: type to filter...

Worktree          Branch        Status      A/B         Commit
   /tmp/repo      main          Mother      =0          deadbee work o..
 ➤ /tmp/repo-bug  bug           Opened      +1 -0       deadbee work o..
   /tmp/repo-fe.  feat          Clean       =0          deadbee work o..

Narrow view: 1 hidden  •  PR #42 Open: Improve dashboard...
                              ┌────────┐  ┌──────┐  ┌───────┐  ┌───────┐
Delete worktrees with status: │ Merged │  │ Open │  │ Clean │  │ Dirty │
                              └────────┘  └──────┘  └───────┘  └───────┘
↑↓ Navigate  ↵ Actions  ⌫ Delete (empty search)  Tab Bulk Delete  Type t
Status: Mother = main worktree (protected)  Dirty = has uncommitted chan
PR Checks: ⚪ (Pending)  🟡 (Running)  🟢 (Passed)  🔴 (Failed)  ⚠️ (Errored)
Ahead/Behind: +N lines added  -N lines removed vs upstream/main (falls b
