---
source: tests/tui_dashboard.rs
expression: "dump_lines(72, 16, |f| screen.render(f, f.area()))"
---
Refreshed just now - 3 worktrees, 1 dirty, 1 PR open
Worktree             Branch        Status   A/B         Commit
/tmp/repo            main          Clean    =0          deadbee work o..
/tmp/repo-bug        bug           Dirty    +1 -0       deadbee work o..
/tmp/repo-feat       feat          Clean    =0          deadbee work o..









Narrow view: 2 hidden  •  PR #42 Open: Improve dashboard...  •  Agent Cl
↑↓ Navigate  ↵ Actions  / Search  r Refresh  Esc Clear / Back
